Archive member included to satisfy reference by file (symbol)

/Applications/Ac6/SystemWorkbench.app/Contents/Eclipse/plugins/fr.ac6.mcu.externaltools.arm-none.macos64_1.6.0.201601291255/tools/compiler/bin/../lib/gcc/arm-none-eabi/5.2.1/../../../../arm-none-eabi/lib/armv7e-m/fpu/libc_nano.a(lib_a-exit.o)
                              /Applications/Ac6/SystemWorkbench.app/Contents/Eclipse/plugins/fr.ac6.mcu.externaltools.arm-none.macos64_1.6.0.201601291255/tools/compiler/bin/../lib/gcc/arm-none-eabi/5.2.1/../../../../arm-none-eabi/lib/armv7e-m/fpu/crt0.o (exit)
/Applications/Ac6/SystemWorkbench.app/Contents/Eclipse/plugins/fr.ac6.mcu.externaltools.arm-none.macos64_1.6.0.201601291255/tools/compiler/bin/../lib/gcc/arm-none-eabi/5.2.1/../../../../arm-none-eabi/lib/armv7e-m/fpu/libc_nano.a(lib_a-impure.o)
                              /Applications/Ac6/SystemWorkbench.app/Contents/Eclipse/plugins/fr.ac6.mcu.externaltools.arm-none.macos64_1.6.0.201601291255/tools/compiler/bin/../lib/gcc/arm-none-eabi/5.2.1/../../../../arm-none-eabi/lib/armv7e-m/fpu/libc_nano.a(lib_a-exit.o) (_global_impure_ptr)
/Applications/Ac6/SystemWorkbench.app/Contents/Eclipse/plugins/fr.ac6.mcu.externaltools.arm-none.macos64_1.6.0.201601291255/tools/compiler/bin/../lib/gcc/arm-none-eabi/5.2.1/../../../../arm-none-eabi/lib/armv7e-m/fpu/libc_nano.a(lib_a-init.o)
                              /Applications/Ac6/SystemWorkbench.app/Contents/Eclipse/plugins/fr.ac6.mcu.externaltools.arm-none.macos64_1.6.0.201601291255/tools/compiler/bin/../lib/gcc/arm-none-eabi/5.2.1/../../../../arm-none-eabi/lib/armv7e-m/fpu/crt0.o (__libc_init_array)
/Applications/Ac6/SystemWorkbench.app/Contents/Eclipse/plugins/fr.ac6.mcu.externaltools.arm-none.macos64_1.6.0.201601291255/tools/compiler/bin/../lib/gcc/arm-none-eabi/5.2.1/../../../../arm-none-eabi/lib/armv7e-m/fpu/libc_nano.a(lib_a-memset.o)
                              /Applications/Ac6/SystemWorkbench.app/Contents/Eclipse/plugins/fr.ac6.mcu.externaltools.arm-none.macos64_1.6.0.201601291255/tools/compiler/bin/../lib/gcc/arm-none-eabi/5.2.1/../../../../arm-none-eabi/lib/armv7e-m/fpu/crt0.o (memset)
/Applications/Ac6/SystemWorkbench.app/Contents/Eclipse/plugins/fr.ac6.mcu.externaltools.arm-none.macos64_1.6.0.201601291255/tools/compiler/bin/../lib/gcc/arm-none-eabi/5.2.1/../../../../arm-none-eabi/lib/armv7e-m/fpu/libnosys.a(_exit.o)
                              /Applications/Ac6/SystemWorkbench.app/Contents/Eclipse/plugins/fr.ac6.mcu.externaltools.arm-none.macos64_1.6.0.201601291255/tools/compiler/bin/../lib/gcc/arm-none-eabi/5.2.1/../../../../arm-none-eabi/lib/armv7e-m/fpu/libc_nano.a(lib_a-exit.o) (_exit)

Allocating common symbols
Common symbol       size              file

uwTick              0x4               Drivers/STM32F4xx_HAL_Driver/Src/stm32f4xx_hal.o
pFlash              0x20              Drivers/STM32F4xx_HAL_Driver/Src/stm32f4xx_hal_flash.o
theTimerStruct      0x1c              Src/timer.o

Discarded input sections

 .text          0x0000000000000000        0x0 /Applications/Ac6/SystemWorkbench.app/Contents/Eclipse/plugins/fr.ac6.mcu.externaltools.arm-none.macos64_1.6.0.201601291255/tools/compiler/bin/../lib/gcc/arm-none-eabi/5.2.1/armv7e-m/fpu/crti.o
 .data          0x0000000000000000        0x0 /Applications/Ac6/SystemWorkbench.app/Contents/Eclipse/plugins/fr.ac6.mcu.externaltools.arm-none.macos64_1.6.0.201601291255/tools/compiler/bin/../lib/gcc/arm-none-eabi/5.2.1/armv7e-m/fpu/crti.o
 .bss           0x0000000000000000        0x0 /Applications/Ac6/SystemWorkbench.app/Contents/Eclipse/plugins/fr.ac6.mcu.externaltools.arm-none.macos64_1.6.0.201601291255/tools/compiler/bin/../lib/gcc/arm-none-eabi/5.2.1/armv7e-m/fpu/crti.o
 .data          0x0000000000000000        0x4 /Applications/Ac6/SystemWorkbench.app/Contents/Eclipse/plugins/fr.ac6.mcu.externaltools.arm-none.macos64_1.6.0.201601291255/tools/compiler/bin/../lib/gcc/arm-none-eabi/5.2.1/armv7e-m/fpu/crtbegin.o
 .text          0x0000000000000000       0x74 /Applications/Ac6/SystemWorkbench.app/Contents/Eclipse/plugins/fr.ac6.mcu.externaltools.arm-none.macos64_1.6.0.201601291255/tools/compiler/bin/../lib/gcc/arm-none-eabi/5.2.1/../../../../arm-none-eabi/lib/armv7e-m/fpu/crt0.o
 .data          0x0000000000000000        0x0 /Applications/Ac6/SystemWorkbench.app/Contents/Eclipse/plugins/fr.ac6.mcu.externaltools.arm-none.macos64_1.6.0.201601291255/tools/compiler/bin/../lib/gcc/arm-none-eabi/5.2.1/../../../../arm-none-eabi/lib/armv7e-m/fpu/crt0.o
 .bss           0x0000000000000000        0x0 /Applications/Ac6/SystemWorkbench.app/Contents/Eclipse/plugins/fr.ac6.mcu.externaltools.arm-none.macos64_1.6.0.201601291255/tools/compiler/bin/../lib/gcc/arm-none-eabi/5.2.1/../../../../arm-none-eabi/lib/armv7e-m/fpu/crt0.o
[...]
Memory Configuration

Name             Origin             Length             Attributes
FLASH            0x0000000008000000 0x0000000000080000 xr
RAM              0x0000000020000000 0x0000000000020000 xrw
*default*        0x0000000000000000 0xffffffffffffffff

Linker script and memory map

LOAD /Applications/Ac6/SystemWorkbench.app/Contents/Eclipse/plugins/fr.ac6.mcu.externaltools.arm-none.macos64_1.6.0.201601291255/tools/compiler/bin/../lib/gcc/arm-none-eabi/5.2.1/armv7e-m/fpu/crti.o
LOAD /Applications/Ac6/SystemWorkbench.app/Contents/Eclipse/plugins/fr.ac6.mcu.externaltools.arm-none.macos64_1.6.0.201601291255/tools/compiler/bin/../lib/gcc/arm-none-eabi/5.2.1/armv7e-m/fpu/crtbegin.o
LOAD /Applications/Ac6/SystemWorkbench.app/Contents/Eclipse/plugins/fr.ac6.mcu.externaltools.arm-none.macos64_1.6.0.201601291255/tools/compiler/bin/../lib/gcc/arm-none-eabi/5.2.1/../../../../arm-none-eabi/lib/armv7e-m/fpu/crt0.o
LOAD /Applications/Ac6/SystemWorkbench.app/Contents/Eclipse/plugins/fr.ac6.mcu.externaltools.arm-none.macos64_1.6.0.201601291255/tools/compiler/bin/../lib/gcc/arm-none-eabi/5.2.1/../../../../arm-none-eabi/lib/armv7e-m/fpu/libm.a
LOAD Drivers/CMSIS/Device/ST/STM32F4xx/Source/Templates/gcc/startup_stm32f411xe.o
LOAD Drivers/CMSIS/Device/ST/STM32F4xx/Source/Templates/system_stm32f4xx.o
LOAD Drivers/STM32F4xx_HAL_Driver/Src/stm32f4xx_hal.o
LOAD Drivers/STM32F4xx_HAL_Driver/Src/stm32f4xx_hal_cortex.o
LOAD Drivers/STM32F4xx_HAL_Driver/Src/stm32f4xx_hal_dma.o
LOAD Drivers/STM32F4xx_HAL_Driver/Src/stm32f4xx_hal_dma_ex.o
LOAD Drivers/STM32F4xx_HAL_Driver/Src/stm32f4xx_hal_flash.o
LOAD Drivers/STM32F4xx_HAL_Driver/Src/stm32f4xx_hal_flash_ex.o
LOAD Drivers/STM32F4xx_HAL_Driver/Src/stm32f4xx_hal_flash_ramfunc.o
LOAD Drivers/STM32F4xx_HAL_Driver/Src/stm32f4xx_hal_gpio.o
LOAD Drivers/STM32F4xx_HAL_Driver/Src/stm32f4xx_hal_pwr.o
LOAD Drivers/STM32F4xx_HAL_Driver/Src/stm32f4xx_hal_pwr_ex.o
LOAD Drivers/STM32F4xx_HAL_Driver/Src/stm32f4xx_hal_rcc.o
LOAD Drivers/STM32F4xx_HAL_Driver/Src/stm32f4xx_hal_rcc_ex.o
LOAD Drivers/STM32F4xx_HAL_Driver/Src/stm32f4xx_hal_tim.o
LOAD Drivers/STM32F4xx_HAL_Driver/Src/stm32f4xx_hal_tim_ex.o
LOAD Src/main.o
LOAD Src/stm32f4xx_hal_msp.o
LOAD Src/stm32f4xx_it.o
LOAD Src/timer.o
LOAD src-gen/Ampel.o
START GROUP
LOAD /Applications/Ac6/SystemWorkbench.app/Contents/Eclipse/plugins/fr.ac6.mcu.externaltools.arm-none.macos64_1.6.0.201601291255/tools/compiler/bin/../lib/gcc/arm-none-eabi/5.2.1/armv7e-m/fpu/libgcc.a
LOAD /Applications/Ac6/SystemWorkbench.app/Contents/Eclipse/plugins/fr.ac6.mcu.externaltools.arm-none.macos64_1.6.0.201601291255/tools/compiler/bin/../lib/gcc/arm-none-eabi/5.2.1/../../../../arm-none-eabi/lib/armv7e-m/fpu/libc_nano.a
END GROUP
START GROUP
LOAD /Applications/Ac6/SystemWorkbench.app/Contents/Eclipse/plugins/fr.ac6.mcu.externaltools.arm-none.macos64_1.6.0.201601291255/tools/compiler/bin/../lib/gcc/arm-none-eabi/5.2.1/armv7e-m/fpu/libgcc.a
LOAD /Applications/Ac6/SystemWorkbench.app/Contents/Eclipse/plugins/fr.ac6.mcu.externaltools.arm-none.macos64_1.6.0.201601291255/tools/compiler/bin/../lib/gcc/arm-none-eabi/5.2.1/../../../../arm-none-eabi/lib/armv7e-m/fpu/libc_nano.a
LOAD /Applications/Ac6/SystemWorkbench.app/Contents/Eclipse/plugins/fr.ac6.mcu.externaltools.arm-none.macos64_1.6.0.201601291255/tools/compiler/bin/../lib/gcc/arm-none-eabi/5.2.1/../../../../arm-none-eabi/lib/armv7e-m/fpu/libnosys.a
END GROUP
START GROUP
LOAD /Applications/Ac6/SystemWorkbench.app/Contents/Eclipse/plugins/fr.ac6.mcu.externaltools.arm-none.macos64_1.6.0.201601291255/tools/compiler/bin/../lib/gcc/arm-none-eabi/5.2.1/armv7e-m/fpu/libgcc.a
LOAD /Applications/Ac6/SystemWorkbench.app/Contents/Eclipse/plugins/fr.ac6.mcu.externaltools.arm-none.macos64_1.6.0.201601291255/tools/compiler/bin/../lib/gcc/arm-none-eabi/5.2.1/../../../../arm-none-eabi/lib/armv7e-m/fpu/libc_nano.a
LOAD /Applications/Ac6/SystemWorkbench.app/Contents/Eclipse/plugins/fr.ac6.mcu.externaltools.arm-none.macos64_1.6.0.201601291255/tools/compiler/bin/../lib/gcc/arm-none-eabi/5.2.1/../../../../arm-none-eabi/lib/armv7e-m/fpu/libnosys.a
END GROUP
LOAD /Applications/Ac6/SystemWorkbench.app/Contents/Eclipse/plugins/fr.ac6.mcu.externaltools.arm-none.macos64_1.6.0.201601291255/tools/compiler/bin/../lib/gcc/arm-none-eabi/5.2.1/armv7e-m/fpu/crtend.o
LOAD /Applications/Ac6/SystemWorkbench.app/Contents/Eclipse/plugins/fr.ac6.mcu.externaltools.arm-none.macos64_1.6.0.201601291255/tools/compiler/bin/../lib/gcc/arm-none-eabi/5.2.1/armv7e-m/fpu/crtn.o
                0x0000000020020000                _estack = 0x20020000
                0x0000000000000200                _Min_Heap_Size = 0x200
                0x0000000000000400                _Min_Stack_Size = 0x400

.isr_vector     0x0000000008000000      0x198
                0x0000000008000000                . = ALIGN (0x4)
 *(.isr_vector)
 .isr_vector    0x0000000008000000      0x198 Drivers/CMSIS/Device/ST/STM32F4xx/Source/Templates/gcc/startup_stm32f411xe.o
                0x0000000008000000                g_pfnVectors
                0x0000000008000198                . = ALIGN (0x4)

.text           0x0000000008000198      0xfec
                0x0000000008000198                . = ALIGN (0x4)
 *(.text)
 .text          0x0000000008000198       0xa4 /Applications/Ac6/SystemWorkbench.app/Contents/Eclipse/plugins/fr.ac6.mcu.externaltools.arm-none.macos64_1.6.0.201601291255/tools/compiler/bin/../lib/gcc/arm-none-eabi/5.2.1/armv7e-m/fpu/crtbegin.o
 *(.text*)
 .text.Reset_Handler
                0x000000000800023c       0x50 Drivers/CMSIS/Device/ST/STM32F4xx/Source/Templates/gcc/startup_stm32f411xe.o
                0x000000000800023c                Reset_Handler
 .text.Default_Handler
                0x000000000800028c        0x2 Drivers/CMSIS/Device/ST/STM32F4xx/Source/Templates/gcc/startup_stm32f411xe.o
                0x000000000800028c                DMA1_Stream3_IRQHandler
                0x000000000800028c                EXTI2_IRQHandler
                0x000000000800028c                DebugMon_Handler
                0x000000000800028c                SPI4_IRQHandler
                0x000000000800028c                TIM1_CC_IRQHandler
                0x000000000800028c                DMA2_Stream5_IRQHandler
                0x000000000800028c                HardFault_Handler
                0x000000000800028c                DMA1_Stream5_IRQHandler
                0x000000000800028c                PVD_IRQHandler
                0x000000000800028c                SDIO_IRQHandler
                0x000000000800028c                TAMP_STAMP_IRQHandler
                0x000000000800028c                PendSV_Handler
                0x000000000800028c                NMI_Handler
                0x000000000800028c                EXTI3_IRQHandler
                0x000000000800028c                TIM1_UP_TIM10_IRQHandler
                0x000000000800028c                I2C3_ER_IRQHandler
                0x000000000800028c                EXTI0_IRQHandler
                0x000000000800028c                I2C2_EV_IRQHandler
                0x000000000800028c                DMA1_Stream2_IRQHandler
                0x000000000800028c                FPU_IRQHandler
                0x000000000800028c                UsageFault_Handler
                0x000000000800028c                DMA2_Stream2_IRQHandler
                0x000000000800028c                SPI1_IRQHandler
                0x000000000800028c                TIM1_BRK_TIM9_IRQHandler
                0x000000000800028c                DMA2_Stream3_IRQHandler
                0x000000000800028c                USART6_IRQHandler
                0x000000000800028c                DMA2_Stream0_IRQHandler
                0x000000000800028c                TIM4_IRQHandler
                0x000000000800028c                I2C1_EV_IRQHandler
                0x000000000800028c                DMA1_Stream6_IRQHandler
                0x000000000800028c                DMA1_Stream1_IRQHandler
                0x000000000800028c                TIM3_IRQHandler
                0x000000000800028c                Default_Handler
                0x000000000800028c                ADC_IRQHandler
                0x000000000800028c                DMA1_Stream7_IRQHandler
                0x000000000800028c                SPI5_IRQHandler
                0x000000000800028c                TIM5_IRQHandler
                0x000000000800028c                DMA2_Stream7_IRQHandler
                0x000000000800028c                I2C3_EV_IRQHandler
                0x000000000800028c                RTC_WKUP_IRQHandler
                0x000000000800028c                SPI2_IRQHandler
                0x000000000800028c                MemManage_Handler
                0x000000000800028c                DMA1_Stream0_IRQHandler
                0x000000000800028c                SVC_Handler
                0x000000000800028c                EXTI4_IRQHandler
                0x000000000800028c                WWDG_IRQHandler
                0x000000000800028c                TIM2_IRQHandler
                0x000000000800028c                OTG_FS_WKUP_IRQHandler
                0x000000000800028c                TIM1_TRG_COM_TIM11_IRQHandler
                0x000000000800028c                EXTI1_IRQHandler
                0x000000000800028c                USART2_IRQHandler
                0x000000000800028c                I2C2_ER_IRQHandler
                0x000000000800028c                DMA2_Stream1_IRQHandler
                0x000000000800028c                FLASH_IRQHandler
                0x000000000800028c                DMA2_Stream4_IRQHandler
                0x000000000800028c                BusFault_Handler
                0x000000000800028c                USART1_IRQHandler
                0x000000000800028c                OTG_FS_IRQHandler
                0x000000000800028c                SPI3_IRQHandler
                0x000000000800028c                DMA1_Stream4_IRQHandler
                0x000000000800028c                I2C1_ER_IRQHandler
                0x000000000800028c                DMA2_Stream6_IRQHandler
                0x000000000800028c                RTC_Alarm_IRQHandler
 *fill*         0x000000000800028e        0x2 
 .text.SystemInit
                0x0000000008000290       0x4c Drivers/CMSIS/Device/ST/STM32F4xx/Source/Templates/system_stm32f4xx.o
                0x0000000008000290                SystemInit
 .text.HAL_InitTick
                0x00000000080002dc       0x28 Drivers/STM32F4xx_HAL_Driver/Src/stm32f4xx_hal.o
                0x00000000080002dc                HAL_InitTick
 .text.HAL_Init
                0x0000000008000304       0x34 Drivers/STM32F4xx_HAL_Driver/Src/stm32f4xx_hal.o
                0x0000000008000304                HAL_Init
 .text.HAL_IncTick
                0x0000000008000338       0x10 Drivers/STM32F4xx_HAL_Driver/Src/stm32f4xx_hal.o
                0x0000000008000338                HAL_IncTick
 .text.HAL_GetTick
                0x0000000008000348        0xc Drivers/STM32F4xx_HAL_Driver/Src/stm32f4xx_hal.o
                0x0000000008000348                HAL_GetTick
 .text.HAL_Delay
                0x0000000008000354       0x1a Drivers/STM32F4xx_HAL_Driver/Src/stm32f4xx_hal.o
                0x0000000008000354                HAL_Delay
 *fill*         0x000000000800036e        0x2 
 .text.HAL_NVIC_SetPriorityGrouping
                0x0000000008000370       0x24 Drivers/STM32F4xx_HAL_Driver/Src/stm32f4xx_hal_cortex.o
                0x0000000008000370                HAL_NVIC_SetPriorityGrouping
 .text.HAL_NVIC_SetPriority
                0x0000000008000394       0x68 Drivers/STM32F4xx_HAL_Driver/Src/stm32f4xx_hal_cortex.o
                0x0000000008000394                HAL_NVIC_SetPriority
 .text.HAL_NVIC_EnableIRQ
                0x00000000080003fc       0x18 Drivers/STM32F4xx_HAL_Driver/Src/stm32f4xx_hal_cortex.o
                0x00000000080003fc                HAL_NVIC_EnableIRQ
 .text.HAL_SYSTICK_Config
                0x0000000008000414       0x2c Drivers/STM32F4xx_HAL_Driver/Src/stm32f4xx_hal_cortex.o
                0x0000000008000414                HAL_SYSTICK_Config
 .text.HAL_SYSTICK_CLKSourceConfig
                0x0000000008000440       0x18 Drivers/STM32F4xx_HAL_Driver/Src/stm32f4xx_hal_cortex.o
                0x0000000008000440                HAL_SYSTICK_CLKSourceConfig
 .text.HAL_SYSTICK_Callback
                0x0000000008000458        0x2 Drivers/STM32F4xx_HAL_Driver/Src/stm32f4xx_hal_cortex.o
                0x0000000008000458                HAL_SYSTICK_Callback
 .text.HAL_SYSTICK_IRQHandler
                0x000000000800045a        0x8 Drivers/STM32F4xx_HAL_Driver/Src/stm32f4xx_hal_cortex.o
                0x000000000800045a                HAL_SYSTICK_IRQHandler
 *fill*         0x0000000008000462        0x2 
 .text.HAL_GPIO_Init
                0x0000000008000464      0x19c Drivers/STM32F4xx_HAL_Driver/Src/stm32f4xx_hal_gpio.o
                0x0000000008000464                HAL_GPIO_Init
 .text.HAL_GPIO_ReadPin
                0x0000000008000600        0xc Drivers/STM32F4xx_HAL_Driver/Src/stm32f4xx_hal_gpio.o
                0x0000000008000600                HAL_GPIO_ReadPin
 .text.HAL_GPIO_WritePin
                0x000000000800060c        0x8 Drivers/STM32F4xx_HAL_Driver/Src/stm32f4xx_hal_gpio.o
                0x000000000800060c                HAL_GPIO_WritePin
 .text.HAL_GPIO_EXTI_Callback
                0x0000000008000614        0x2 Drivers/STM32F4xx_HAL_Driver/Src/stm32f4xx_hal_gpio.o
                0x0000000008000614                HAL_GPIO_EXTI_Callback
 *fill*         0x0000000008000616        0x2 
 .text.HAL_GPIO_EXTI_IRQHandler
                0x0000000008000618       0x18 Drivers/STM32F4xx_HAL_Driver/Src/stm32f4xx_hal_gpio.o
                0x0000000008000618                HAL_GPIO_EXTI_IRQHandler
 .text.HAL_RCC_OscConfig
                0x0000000008000630      0x2d0 Drivers/STM32F4xx_HAL_Driver/Src/stm32f4xx_hal_rcc.o
                0x0000000008000630                HAL_RCC_OscConfig
 .text.HAL_RCC_GetSysClockFreq
                0x0000000008000900       0x7c Drivers/STM32F4xx_HAL_Driver/Src/stm32f4xx_hal_rcc.o
                0x0000000008000900                HAL_RCC_GetSysClockFreq
 .text.HAL_RCC_ClockConfig
                0x000000000800097c      0x168 Drivers/STM32F4xx_HAL_Driver/Src/stm32f4xx_hal_rcc.o
                0x000000000800097c                HAL_RCC_ClockConfig
 .text.HAL_RCC_GetHCLKFreq
                0x0000000008000ae4        0xc Drivers/STM32F4xx_HAL_Driver/Src/stm32f4xx_hal_rcc.o
                0x0000000008000ae4                HAL_RCC_GetHCLKFreq
 .text.ampelIface_offGreen
                0x0000000008000af0       0x10 Src/main.o
                0x0000000008000af0                ampelIface_offGreen
 .text.ampelIface_offYellow
                0x0000000008000b00       0x10 Src/main.o
                0x0000000008000b00                ampelIface_offYellow
 .text.ampelIface_offRed
                0x0000000008000b10       0x10 Src/main.o
                0x0000000008000b10                ampelIface_offRed
 .text.ampelIface_onGreen
                0x0000000008000b20       0x10 Src/main.o
                0x0000000008000b20                ampelIface_onGreen
 .text.ampelIface_onYellow
                0x0000000008000b30       0x10 Src/main.o
                0x0000000008000b30                ampelIface_onYellow
 .text.ampelIface_onRed
                0x0000000008000b40       0x10 Src/main.o
                0x0000000008000b40                ampelIface_onRed
 .text.SystemClock_Config
                0x0000000008000b50       0xa8 Src/main.o
                0x0000000008000b50                SystemClock_Config
 .text.startup.main
                0x0000000008000bf8      0x11c Src/main.o
                0x0000000008000bf8                main
 .text.HAL_MspInit
                0x0000000008000d14       0x70 Src/stm32f4xx_hal_msp.o
                0x0000000008000d14                HAL_MspInit
 .text.SysTick_Handler
                0x0000000008000d84        0xe Src/stm32f4xx_it.o
                0x0000000008000d84                SysTick_Handler
 .text.RCC_IRQHandler
                0x0000000008000d92        0x2 Src/stm32f4xx_it.o
                0x0000000008000d92                RCC_IRQHandler
 .text.EXTI9_5_IRQHandler
                0x0000000008000d94        0x6 Src/stm32f4xx_it.o
                0x0000000008000d94                EXTI9_5_IRQHandler
 *fill*         0x0000000008000d9a        0x2 
 .text.EXTI15_10_IRQHandler
                0x0000000008000d9c       0x30 Src/stm32f4xx_it.o
                0x0000000008000d9c                EXTI15_10_IRQHandler
 .text.ampel_setTimer
                0x0000000008000dcc       0x20 Src/timer.o
                0x0000000008000dcc                ampel_setTimer
 .text.ampel_unsetTimer
                0x0000000008000dec        0xc Src/timer.o
                0x0000000008000dec                ampel_unsetTimer
 .text.TimerDecrease
                0x0000000008000df8       0x44 Src/timer.o
                0x0000000008000df8                TimerDecrease
 .text.ampel_enact_main_region_off_r1_YellowOn
                0x0000000008000e3c       0x1c src-gen/Ampel.o
 .text.ampel_effect_main_region_off_tr0
                0x0000000008000e58       0x52 src-gen/Ampel.o
 .text.ampel_init
                0x0000000008000eaa       0x1e src-gen/Ampel.o
                0x0000000008000eaa                ampel_init
 .text.ampel_enter
                0x0000000008000ec8       0x12 src-gen/Ampel.o
                0x0000000008000ec8                ampel_enter
 .text.ampel_runCycle
                0x0000000008000eda      0x226 src-gen/Ampel.o
                0x0000000008000eda                ampel_runCycle
 .text.ampel_raiseTimeEvent
                0x0000000008001100       0x14 src-gen/Ampel.o
                0x0000000008001100                ampel_raiseTimeEvent
 .text.ampelIface_raise_evPushButton
                0x0000000008001114        0x6 src-gen/Ampel.o
                0x0000000008001114                ampelIface_raise_evPushButton
 .text.ampelIface_set_push
                0x000000000800111a        0x4 src-gen/Ampel.o
                0x000000000800111a                ampelIface_set_push
 *fill*         0x000000000800111e        0x2 
 .text.__libc_init_array
                0x0000000008001120       0x4c /Applications/Ac6/SystemWorkbench.app/Contents/Eclipse/plugins/fr.ac6.mcu.externaltools.arm-none.macos64_1.6.0.201601291255/tools/compiler/bin/../lib/gcc/arm-none-eabi/5.2.1/../../../../arm-none-eabi/lib/armv7e-m/fpu/libc_nano.a(lib_a-init.o)
                0x0000000008001120                __libc_init_array
 *(.glue_7)
 .glue_7        0x000000000800116c        0x0 linker stubs
 *(.glue_7t)
 .glue_7t       0x000000000800116c        0x0 linker stubs
 *(.eh_frame)
 .eh_frame      0x000000000800116c        0x0 /Applications/Ac6/SystemWorkbench.app/Contents/Eclipse/plugins/fr.ac6.mcu.externaltools.arm-none.macos64_1.6.0.201601291255/tools/compiler/bin/../lib/gcc/arm-none-eabi/5.2.1/armv7e-m/fpu/crtbegin.o
 *(.init)
 .init          0x000000000800116c        0x4 /Applications/Ac6/SystemWorkbench.app/Contents/Eclipse/plugins/fr.ac6.mcu.externaltools.arm-none.macos64_1.6.0.201601291255/tools/compiler/bin/../lib/gcc/arm-none-eabi/5.2.1/armv7e-m/fpu/crti.o
                0x000000000800116c                _init
 .init          0x0000000008001170        0x8 /Applications/Ac6/SystemWorkbench.app/Contents/Eclipse/plugins/fr.ac6.mcu.externaltools.arm-none.macos64_1.6.0.201601291255/tools/compiler/bin/../lib/gcc/arm-none-eabi/5.2.1/armv7e-m/fpu/crtn.o
 *(.fini)
 .fini          0x0000000008001178        0x4 /Applications/Ac6/SystemWorkbench.app/Contents/Eclipse/plugins/fr.ac6.mcu.externaltools.arm-none.macos64_1.6.0.201601291255/tools/compiler/bin/../lib/gcc/arm-none-eabi/5.2.1/armv7e-m/fpu/crti.o
                0x0000000008001178                _fini
 .fini          0x000000000800117c        0x8 /Applications/Ac6/SystemWorkbench.app/Contents/Eclipse/plugins/fr.ac6.mcu.externaltools.arm-none.macos64_1.6.0.201601291255/tools/compiler/bin/../lib/gcc/arm-none-eabi/5.2.1/armv7e-m/fpu/crtn.o
                0x0000000008001184                . = ALIGN (0x4)
                0x0000000008001184                _etext = .

.vfp11_veneer   0x0000000008001184        0x0
 .vfp11_veneer  0x0000000008001184        0x0 linker stubs

.v4_bx          0x0000000008001184        0x0
 .v4_bx         0x0000000008001184        0x0 linker stubs

.iplt           0x0000000008001184        0x0
 .iplt          0x0000000008001184        0x0 /Applications/Ac6/SystemWorkbench.app/Contents/Eclipse/plugins/fr.ac6.mcu.externaltools.arm-none.macos64_1.6.0.201601291255/tools/compiler/bin/../lib/gcc/arm-none-eabi/5.2.1/armv7e-m/fpu/crtbegin.o

.rodata         0x0000000008001184       0x10
                0x0000000008001184                . = ALIGN (0x4)
 *(.rodata)
 .rodata        0x0000000008001184       0x10 Drivers/STM32F4xx_HAL_Driver/Src/stm32f4xx_hal_rcc.o
                0x0000000008001184                APBAHBPrescTable
 *(.rodata*)
                0x0000000008001194                . = ALIGN (0x4)

.rel.dyn        0x0000000008001194        0x0
 .rel.iplt      0x0000000008001194        0x0 /Applications/Ac6/SystemWorkbench.app/Contents/Eclipse/plugins/fr.ac6.mcu.externaltools.arm-none.macos64_1.6.0.201601291255/tools/compiler/bin/../lib/gcc/arm-none-eabi/5.2.1/armv7e-m/fpu/crtbegin.o

.ARM.extab
 *(.ARM.extab* .gnu.linkonce.armextab.*)

.ARM            0x0000000008001194        0x0
                0x0000000008001194                __exidx_start = .
 *(.ARM.exidx*)
                0x0000000008001194                __exidx_end = .

.preinit_array  0x0000000008001194        0x0
                0x0000000008001194                PROVIDE (__preinit_array_start, .)
 *(.preinit_array*)
                0x0000000008001194                PROVIDE (__preinit_array_end, .)

.init_array     0x0000000008001194        0x4
                0x0000000008001194                PROVIDE (__init_array_start, .)
 *(SORT(.init_array.*))
 *(.init_array*)
 .init_array    0x0000000008001194        0x4 /Applications/Ac6/SystemWorkbench.app/Contents/Eclipse/plugins/fr.ac6.mcu.externaltools.arm-none.macos64_1.6.0.201601291255/tools/compiler/bin/../lib/gcc/arm-none-eabi/5.2.1/armv7e-m/fpu/crtbegin.o
                0x0000000008001198                PROVIDE (__init_array_end, .)

.fini_array     0x0000000008001198        0x4
                [!provide]                        PROVIDE (__fini_array_start, .)
 *(SORT(.fini_array.*))
 *(.fini_array*)
 .fini_array    0x0000000008001198        0x4 /Applications/Ac6/SystemWorkbench.app/Contents/Eclipse/plugins/fr.ac6.mcu.externaltools.arm-none.macos64_1.6.0.201601291255/tools/compiler/bin/../lib/gcc/arm-none-eabi/5.2.1/armv7e-m/fpu/crtbegin.o
                [!provide]                        PROVIDE (__fini_array_end, .)
                0x000000000800119c                _sidata = LOADADDR (.data)

.data           0x0000000020000000        0x4 load address 0x000000000800119c
                0x0000000020000000                . = ALIGN (0x4)
                0x0000000020000000                _sdata = .
 *(.data)
 .data          0x0000000020000000        0x4 Drivers/CMSIS/Device/ST/STM32F4xx/Source/Templates/system_stm32f4xx.o
                0x0000000020000000                SystemCoreClock
 *(.data*)
                0x0000000020000004                . = ALIGN (0x4)
                0x0000000020000004                _edata = .

.jcr            0x0000000020000004        0x0 load address 0x00000000080011a0
 .jcr           0x0000000020000004        0x0 /Applications/Ac6/SystemWorkbench.app/Contents/Eclipse/plugins/fr.ac6.mcu.externaltools.arm-none.macos64_1.6.0.201601291255/tools/compiler/bin/../lib/gcc/arm-none-eabi/5.2.1/armv7e-m/fpu/crtbegin.o

.tm_clone_table
                0x0000000020000004        0x0 load address 0x00000000080011a0
 .tm_clone_table
                0x0000000020000004        0x0 /Applications/Ac6/SystemWorkbench.app/Contents/Eclipse/plugins/fr.ac6.mcu.externaltools.arm-none.macos64_1.6.0.201601291255/tools/compiler/bin/../lib/gcc/arm-none-eabi/5.2.1/armv7e-m/fpu/crtbegin.o
 .tm_clone_table
                0x0000000020000004        0x0 /Applications/Ac6/SystemWorkbench.app/Contents/Eclipse/plugins/fr.ac6.mcu.externaltools.arm-none.macos64_1.6.0.201601291255/tools/compiler/bin/../lib/gcc/arm-none-eabi/5.2.1/armv7e-m/fpu/crtend.o

.igot.plt       0x0000000020000004        0x0 load address 0x00000000080011a0
 .igot.plt      0x0000000020000004        0x0 /Applications/Ac6/SystemWorkbench.app/Contents/Eclipse/plugins/fr.ac6.mcu.externaltools.arm-none.macos64_1.6.0.201601291255/tools/compiler/bin/../lib/gcc/arm-none-eabi/5.2.1/armv7e-m/fpu/crtbegin.o
                0x0000000020000004                . = ALIGN (0x4)

.bss            0x0000000020000004       0x44 load address 0x00000000080011a0
                0x0000000020000004                _sbss = .
                0x0000000020000004                __bss_start__ = _sbss
 *(.bss)
 .bss           0x0000000020000004       0x1c /Applications/Ac6/SystemWorkbench.app/Contents/Eclipse/plugins/fr.ac6.mcu.externaltools.arm-none.macos64_1.6.0.201601291255/tools/compiler/bin/../lib/gcc/arm-none-eabi/5.2.1/armv7e-m/fpu/crtbegin.o
 .bss           0x0000000020000020        0x8 Src/main.o
                0x0000000020000020                Toogle
                0x0000000020000024                ToogleOld
 *(.bss*)
 *(COMMON)
 COMMON         0x0000000020000028        0x4 Drivers/STM32F4xx_HAL_Driver/Src/stm32f4xx_hal.o
                0x0000000020000028                uwTick
 COMMON         0x000000002000002c       0x1c Src/timer.o
                0x000000002000002c                theTimerStruct
                0x0000000020000048                . = ALIGN (0x4)
                0x0000000020000048                _ebss = .
                0x0000000020000048                __bss_end__ = _ebss

._user_heap_stack
                0x0000000020000048      0x600 load address 0x00000000080011a0
                0x0000000020000048                . = ALIGN (0x8)
                [!provide]                        PROVIDE (end, .)
                [!provide]                        PROVIDE (_end, .)
                0x0000000020000248                . = (. + _Min_Heap_Size)
 *fill*         0x0000000020000048      0x200 
                0x0000000020000648                . = (. + _Min_Stack_Size)
 *fill*         0x0000000020000248      0x400 
                0x0000000020000648                . = ALIGN (0x8)

/DISCARD/
 libc.a(*)
 libm.a(*)
 libgcc.a(*)

.ARM.attributes
                0x0000000000000000       0x30
 *(.ARM.attributes)
 .ARM.attributes
                0x0000000000000000       0x22 /Applications/Ac6/SystemWorkbench.app/Contents/Eclipse/plugins/fr.ac6.mcu.externaltools.arm-none.macos64_1.6.0.201601291255/tools/compiler/bin/../lib/gcc/arm-none-eabi/5.2.1/armv7e-m/fpu/crti.o
 .ARM.attributes
                0x0000000000000022       0x34 /Applications/Ac6/SystemWorkbench.app/Contents/Eclipse/plugins/fr.ac6.mcu.externaltools.arm-none.macos64_1.6.0.201601291255/tools/compiler/bin/../lib/gcc/arm-none-eabi/5.2.1/armv7e-m/fpu/crtbegin.o
 .ARM.attributes
                0x0000000000000056       0x21 Drivers/CMSIS/Device/ST/STM32F4xx/Source/Templates/gcc/startup_stm32f411xe.o
 .ARM.attributes
                0x0000000000000077       0x39 Drivers/CMSIS/Device/ST/STM32F4xx/Source/Templates/system_stm32f4xx.o
 .ARM.attributes
                0x00000000000000b0       0x39 Drivers/STM32F4xx_HAL_Driver/Src/stm32f4xx_hal.o
 .ARM.attributes
                0x00000000000000e9       0x39 Drivers/STM32F4xx_HAL_Driver/Src/stm32f4xx_hal_cortex.o
 .ARM.attributes
                0x0000000000000122       0x39 Drivers/STM32F4xx_HAL_Driver/Src/stm32f4xx_hal_gpio.o
 .ARM.attributes
                0x000000000000015b       0x39 Drivers/STM32F4xx_HAL_Driver/Src/stm32f4xx_hal_rcc.o
 .ARM.attributes
                0x0000000000000194       0x39 Src/main.o
 .ARM.attributes
                0x00000000000001cd       0x39 Src/stm32f4xx_hal_msp.o
 .ARM.attributes
                0x0000000000000206       0x39 Src/stm32f4xx_it.o
 .ARM.attributes
                0x000000000000023f       0x39 Src/timer.o
 .ARM.attributes
                0x0000000000000278       0x39 src-gen/Ampel.o
 .ARM.attributes
                0x00000000000002b1       0x34 /Applications/Ac6/SystemWorkbench.app/Contents/Eclipse/plugins/fr.ac6.mcu.externaltools.arm-none.macos64_1.6.0.201601291255/tools/compiler/bin/../lib/gcc/arm-none-eabi/5.2.1/../../../../arm-none-eabi/lib/armv7e-m/fpu/libc_nano.a(lib_a-init.o)
 .ARM.attributes
                0x00000000000002e5       0x34 /Applications/Ac6/SystemWorkbench.app/Contents/Eclipse/plugins/fr.ac6.mcu.externaltools.arm-none.macos64_1.6.0.201601291255/tools/compiler/bin/../lib/gcc/arm-none-eabi/5.2.1/armv7e-m/fpu/crtend.o
 .ARM.attributes
                0x0000000000000319       0x22 /Applications/Ac6/SystemWorkbench.app/Contents/Eclipse/plugins/fr.ac6.mcu.externaltools.arm-none.macos64_1.6.0.201601291255/tools/compiler/bin/../lib/gcc/arm-none-eabi/5.2.1/armv7e-m/fpu/crtn.o
OUTPUT(Ampel.elf elf32-littlearm)

.debug_line     0x0000000000000000     0x5840
 .debug_line    0x0000000000000000       0xae Drivers/CMSIS/Device/ST/STM32F4xx/Source/Templates/gcc/startup_stm32f411xe.o
 .debug_line    0x00000000000000ae      0x817 Drivers/CMSIS/Device/ST/STM32F4xx/Source/Templates/system_stm32f4xx.o
 .debug_line    0x00000000000008c5      0x947 Drivers/STM32F4xx_HAL_Driver/Src/stm32f4xx_hal.o
 .debug_line    0x000000000000120c      0x9bb Drivers/STM32F4xx_HAL_Driver/Src/stm32f4xx_hal_cortex.o
 .debug_line    0x0000000000001bc7      0x970 Drivers/STM32F4xx_HAL_Driver/Src/stm32f4xx_hal_gpio.o
 .debug_line    0x0000000000002537      0xac8 Drivers/STM32F4xx_HAL_Driver/Src/stm32f4xx_hal_rcc.o
 .debug_line    0x0000000000002fff      0x956 Src/main.o
 .debug_line    0x0000000000003955      0x7c1 Src/stm32f4xx_hal_msp.o
 .debug_line    0x0000000000004116      0x7fb Src/stm32f4xx_it.o
 .debug_line    0x0000000000004911      0x849 Src/timer.o
 .debug_line    0x000000000000515a      0x6e6 src-gen/Ampel.o

.debug_info     0x0000000000000000     0x6266
 .debug_info    0x0000000000000000       0xa6 Drivers/CMSIS/Device/ST/STM32F4xx/Source/Templates/gcc/startup_stm32f411xe.o
 .debug_info    0x00000000000000a6      0x4da Drivers/CMSIS/Device/ST/STM32F4xx/Source/Templates/system_stm32f4xx.o
 .debug_info    0x0000000000000580      0x874 Drivers/STM32F4xx_HAL_Driver/Src/stm32f4xx_hal.o
 .debug_info    0x0000000000000df4      0xdda Drivers/STM32F4xx_HAL_Driver/Src/stm32f4xx_hal_cortex.o
 .debug_info    0x0000000000001bce      0x74b Drivers/STM32F4xx_HAL_Driver/Src/stm32f4xx_hal_gpio.o
 .debug_info    0x0000000000002319      0xcac Drivers/STM32F4xx_HAL_Driver/Src/stm32f4xx_hal_rcc.o
 .debug_info    0x0000000000002fc5      0xefb Src/main.o
 .debug_info    0x0000000000003ec0      0x3a0 Src/stm32f4xx_hal_msp.o
 .debug_info    0x0000000000004260      0x25a Src/stm32f4xx_it.o
 .debug_info    0x00000000000044ba      0x3d5 Src/timer.o
 .debug_info    0x000000000000488f     0x19d7 src-gen/Ampel.o

.debug_abbrev   0x0000000000000000     0x13c8
 .debug_abbrev  0x0000000000000000       0x12 Drivers/CMSIS/Device/ST/STM32F4xx/Source/Templates/gcc/startup_stm32f411xe.o
 .debug_abbrev  0x0000000000000012      0x104 Drivers/CMSIS/Device/ST/STM32F4xx/Source/Templates/system_stm32f4xx.o
 .debug_abbrev  0x0000000000000116      0x272 Drivers/STM32F4xx_HAL_Driver/Src/stm32f4xx_hal.o
 .debug_abbrev  0x0000000000000388      0x332 Drivers/STM32F4xx_HAL_Driver/Src/stm32f4xx_hal_cortex.o
 .debug_abbrev  0x00000000000006ba      0x1cb Drivers/STM32F4xx_HAL_Driver/Src/stm32f4xx_hal_gpio.o
 .debug_abbrev  0x0000000000000885      0x321 Drivers/STM32F4xx_HAL_Driver/Src/stm32f4xx_hal_rcc.o
 .debug_abbrev  0x0000000000000ba6      0x24f Src/main.o
 .debug_abbrev  0x0000000000000df5       0xc5 Src/stm32f4xx_hal_msp.o
 .debug_abbrev  0x0000000000000eba      0x141 Src/stm32f4xx_it.o
 .debug_abbrev  0x0000000000000ffb      0x132 Src/timer.o
 .debug_abbrev  0x000000000000112d      0x29b src-gen/Ampel.o

.debug_aranges  0x0000000000000000      0x400
 .debug_aranges
                0x0000000000000000       0x28 Drivers/CMSIS/Device/ST/STM32F4xx/Source/Templates/gcc/startup_stm32f411xe.o
 .debug_aranges
                0x0000000000000028       0x28 Drivers/CMSIS/Device/ST/STM32F4xx/Source/Templates/system_stm32f4xx.o
 .debug_aranges
                0x0000000000000050       0xb8 Drivers/STM32F4xx_HAL_Driver/Src/stm32f4xx_hal.o
 .debug_aranges
                0x0000000000000108       0x98 Drivers/STM32F4xx_HAL_Driver/Src/stm32f4xx_hal_cortex.o
 .debug_aranges
                0x00000000000001a0       0x58 Drivers/STM32F4xx_HAL_Driver/Src/stm32f4xx_hal_gpio.o
 .debug_aranges
                0x00000000000001f8       0x80 Drivers/STM32F4xx_HAL_Driver/Src/stm32f4xx_hal_rcc.o
 .debug_aranges
                0x0000000000000278       0x78 Src/main.o
 .debug_aranges
                0x00000000000002f0       0x20 Src/stm32f4xx_hal_msp.o
 .debug_aranges
                0x0000000000000310       0x38 Src/stm32f4xx_it.o
 .debug_aranges
                0x0000000000000348       0x30 Src/timer.o
 .debug_aranges
                0x0000000000000378       0x88 src-gen/Ampel.o

.debug_ranges   0x0000000000000000      0x7d8
 .debug_ranges  0x0000000000000000       0x20 Drivers/CMSIS/Device/ST/STM32F4xx/Source/Templates/gcc/startup_stm32f411xe.o
 .debug_ranges  0x0000000000000020       0x18 Drivers/CMSIS/Device/ST/STM32F4xx/Source/Templates/system_stm32f4xx.o
 .debug_ranges  0x0000000000000038       0xa8 Drivers/STM32F4xx_HAL_Driver/Src/stm32f4xx_hal.o
 .debug_ranges  0x00000000000000e0      0x148 Drivers/STM32F4xx_HAL_Driver/Src/stm32f4xx_hal_cortex.o
 .debug_ranges  0x0000000000000228       0x70 Drivers/STM32F4xx_HAL_Driver/Src/stm32f4xx_hal_gpio.o
 .debug_ranges  0x0000000000000298      0x150 Drivers/STM32F4xx_HAL_Driver/Src/stm32f4xx_hal_rcc.o
 .debug_ranges  0x00000000000003e8       0xd0 Src/main.o
 .debug_ranges  0x00000000000004b8       0x10 Src/stm32f4xx_hal_msp.o
 .debug_ranges  0x00000000000004c8       0x28 Src/stm32f4xx_it.o
 .debug_ranges  0x00000000000004f0       0x20 Src/timer.o
 .debug_ranges  0x0000000000000510      0x2c8 src-gen/Ampel.o

.debug_loc      0x0000000000000000     0x1ad9
 .debug_loc     0x0000000000000000       0xd7 Drivers/CMSIS/Device/ST/STM32F4xx/Source/Templates/system_stm32f4xx.o
 .debug_loc     0x00000000000000d7       0x92 Drivers/STM32F4xx_HAL_Driver/Src/stm32f4xx_hal.o
 .debug_loc     0x0000000000000169      0x4ab Drivers/STM32F4xx_HAL_Driver/Src/stm32f4xx_hal_cortex.o
 .debug_loc     0x0000000000000614      0x370 Drivers/STM32F4xx_HAL_Driver/Src/stm32f4xx_hal_gpio.o
 .debug_loc     0x0000000000000984      0x49b Drivers/STM32F4xx_HAL_Driver/Src/stm32f4xx_hal_rcc.o
 .debug_loc     0x0000000000000e1f      0x129 Src/main.o
 .debug_loc     0x0000000000000f48       0xd2 Src/timer.o
 .debug_loc     0x000000000000101a      0xabf src-gen/Ampel.o

.debug_macro    0x0000000000000000     0xe969
 .debug_macro   0x0000000000000000      0x2c1 Drivers/CMSIS/Device/ST/STM32F4xx/Source/Templates/system_stm32f4xx.o
 .debug_macro   0x00000000000002c1      0x89e Drivers/CMSIS/Device/ST/STM32F4xx/Source/Templates/system_stm32f4xx.o
 .debug_macro   0x0000000000000b5f       0x31 Drivers/CMSIS/Device/ST/STM32F4xx/Source/Templates/system_stm32f4xx.o
 .debug_macro   0x0000000000000b90       0x28 Drivers/CMSIS/Device/ST/STM32F4xx/Source/Templates/system_stm32f4xx.o
 .debug_macro   0x0000000000000bb8       0x22 Drivers/CMSIS/Device/ST/STM32F4xx/Source/Templates/system_stm32f4xx.o
 .debug_macro   0x0000000000000bda       0x44 Drivers/CMSIS/Device/ST/STM32F4xx/Source/Templates/system_stm32f4xx.o
 .debug_macro   0x0000000000000c1e       0xfd Drivers/CMSIS/Device/ST/STM32F4xx/Source/Templates/system_stm32f4xx.o
 .debug_macro   0x0000000000000d1b       0x22 Drivers/CMSIS/Device/ST/STM32F4xx/Source/Templates/system_stm32f4xx.o
 .debug_macro   0x0000000000000d3d      0x1df Drivers/CMSIS/Device/ST/STM32F4xx/Source/Templates/system_stm32f4xx.o
 .debug_macro   0x0000000000000f1c       0x35 Drivers/CMSIS/Device/ST/STM32F4xx/Source/Templates/system_stm32f4xx.o
 .debug_macro   0x0000000000000f51       0x50 Drivers/CMSIS/Device/ST/STM32F4xx/Source/Templates/system_stm32f4xx.o
 .debug_macro   0x0000000000000fa1      0xe66 Drivers/CMSIS/Device/ST/STM32F4xx/Source/Templates/system_stm32f4xx.o
 .debug_macro   0x0000000000001e07     0x5102 Drivers/CMSIS/Device/ST/STM32F4xx/Source/Templates/system_stm32f4xx.o
 .debug_macro   0x0000000000006f09       0x43 Drivers/CMSIS/Device/ST/STM32F4xx/Source/Templates/system_stm32f4xx.o
 .debug_macro   0x0000000000006f4c       0x76 Drivers/CMSIS/Device/ST/STM32F4xx/Source/Templates/system_stm32f4xx.o
 .debug_macro   0x0000000000006fc2      0x1a4 Drivers/CMSIS/Device/ST/STM32F4xx/Source/Templates/system_stm32f4xx.o
 .debug_macro   0x0000000000007166     0x347f Drivers/CMSIS/Device/ST/STM32F4xx/Source/Templates/system_stm32f4xx.o
 .debug_macro   0x000000000000a5e5       0x58 Drivers/CMSIS/Device/ST/STM32F4xx/Source/Templates/system_stm32f4xx.o
 .debug_macro   0x000000000000a63d       0x35 Drivers/CMSIS/Device/ST/STM32F4xx/Source/Templates/system_stm32f4xx.o
 .debug_macro   0x000000000000a672       0x9c Drivers/CMSIS/Device/ST/STM32F4xx/Source/Templates/system_stm32f4xx.o
 .debug_macro   0x000000000000a70e       0x16 Drivers/CMSIS/Device/ST/STM32F4xx/Source/Templates/system_stm32f4xx.o
 .debug_macro   0x000000000000a724       0x97 Drivers/CMSIS/Device/ST/STM32F4xx/Source/Templates/system_stm32f4xx.o
 .debug_macro   0x000000000000a7bb      0x329 Drivers/CMSIS/Device/ST/STM32F4xx/Source/Templates/system_stm32f4xx.o
 .debug_macro   0x000000000000aae4       0xfd Drivers/CMSIS/Device/ST/STM32F4xx/Source/Templates/system_stm32f4xx.o
 .debug_macro   0x000000000000abe1       0x10 Drivers/CMSIS/Device/ST/STM32F4xx/Source/Templates/system_stm32f4xx.o
 .debug_macro   0x000000000000abf1       0x52 Drivers/CMSIS/Device/ST/STM32F4xx/Source/Templates/system_stm32f4xx.o
 .debug_macro   0x000000000000ac43       0x16 Drivers/CMSIS/Device/ST/STM32F4xx/Source/Templates/system_stm32f4xx.o
 .debug_macro   0x000000000000ac59       0x43 Drivers/CMSIS/Device/ST/STM32F4xx/Source/Templates/system_stm32f4xx.o
 .debug_macro   0x000000000000ac9c      0x187 Drivers/CMSIS/Device/ST/STM32F4xx/Source/Templates/system_stm32f4xx.o
 .debug_macro   0x000000000000ae23       0x10 Drivers/CMSIS/Device/ST/STM32F4xx/Source/Templates/system_stm32f4xx.o
 .debug_macro   0x000000000000ae33       0x22 Drivers/CMSIS/Device/ST/STM32F4xx/Source/Templates/system_stm32f4xx.o
 .debug_macro   0x000000000000ae55       0x3a Drivers/CMSIS/Device/ST/STM32F4xx/Source/Templates/system_stm32f4xx.o
 .debug_macro   0x000000000000ae8f       0x10 Drivers/CMSIS/Device/ST/STM32F4xx/Source/Templates/system_stm32f4xx.o
 .debug_macro   0x000000000000ae9f       0x40 Drivers/CMSIS/Device/ST/STM32F4xx/Source/Templates/system_stm32f4xx.o
 .debug_macro   0x000000000000aedf       0x65 Drivers/CMSIS/Device/ST/STM32F4xx/Source/Templates/system_stm32f4xx.o
 .debug_macro   0x000000000000af44       0x16 Drivers/CMSIS/Device/ST/STM32F4xx/Source/Templates/system_stm32f4xx.o
 .debug_macro   0x000000000000af5a      0x197 Drivers/CMSIS/Device/ST/STM32F4xx/Source/Templates/system_stm32f4xx.o
 .debug_macro   0x000000000000b0f1       0x50 Drivers/CMSIS/Device/ST/STM32F4xx/Source/Templates/system_stm32f4xx.o
 .debug_macro   0x000000000000b141      0x45c Drivers/CMSIS/Device/ST/STM32F4xx/Source/Templates/system_stm32f4xx.o
 .debug_macro   0x000000000000b59d      0x9e1 Drivers/CMSIS/Device/ST/STM32F4xx/Source/Templates/system_stm32f4xx.o
 .debug_macro   0x000000000000bf7e      0x11e Drivers/CMSIS/Device/ST/STM32F4xx/Source/Templates/system_stm32f4xx.o
 .debug_macro   0x000000000000c09c      0x11b Drivers/CMSIS/Device/ST/STM32F4xx/Source/Templates/system_stm32f4xx.o
 .debug_macro   0x000000000000c1b7       0x27 Drivers/CMSIS/Device/ST/STM32F4xx/Source/Templates/system_stm32f4xx.o
 .debug_macro   0x000000000000c1de      0x287 Drivers/CMSIS/Device/ST/STM32F4xx/Source/Templates/system_stm32f4xx.o
 .debug_macro   0x000000000000c465       0x5f Drivers/CMSIS/Device/ST/STM32F4xx/Source/Templates/system_stm32f4xx.o
 .debug_macro   0x000000000000c4c4      0x23a Drivers/CMSIS/Device/ST/STM32F4xx/Source/Templates/system_stm32f4xx.o
 .debug_macro   0x000000000000c6fe      0x13a Drivers/CMSIS/Device/ST/STM32F4xx/Source/Templates/system_stm32f4xx.o
 .debug_macro   0x000000000000c838      0x264 Drivers/CMSIS/Device/ST/STM32F4xx/Source/Templates/system_stm32f4xx.o
 .debug_macro   0x000000000000ca9c       0x2e Drivers/CMSIS/Device/ST/STM32F4xx/Source/Templates/system_stm32f4xx.o
 .debug_macro   0x000000000000caca      0x11e Drivers/CMSIS/Device/ST/STM32F4xx/Source/Templates/system_stm32f4xx.o
 .debug_macro   0x000000000000cbe8       0x85 Drivers/CMSIS/Device/ST/STM32F4xx/Source/Templates/system_stm32f4xx.o
 .debug_macro   0x000000000000cc6d       0x89 Drivers/CMSIS/Device/ST/STM32F4xx/Source/Templates/system_stm32f4xx.o
 .debug_macro   0x000000000000ccf6      0x11e Drivers/CMSIS/Device/ST/STM32F4xx/Source/Templates/system_stm32f4xx.o
 .debug_macro   0x000000000000ce14      0x309 Drivers/STM32F4xx_HAL_Driver/Src/stm32f4xx_hal.o
 .debug_macro   0x000000000000d11d      0x2bb Drivers/STM32F4xx_HAL_Driver/Src/stm32f4xx_hal_cortex.o
 .debug_macro   0x000000000000d3d8      0x2f3 Drivers/STM32F4xx_HAL_Driver/Src/stm32f4xx_hal_gpio.o
 .debug_macro   0x000000000000d6cb      0x2e5 Drivers/STM32F4xx_HAL_Driver/Src/stm32f4xx_hal_rcc.o
 .debug_macro   0x000000000000d9b0      0x2f1 Src/main.o
 .debug_macro   0x000000000000dca1       0x22 Src/main.o
 .debug_macro   0x000000000000dcc3       0x1c Src/main.o
 .debug_macro   0x000000000000dcdf      0x2bb Src/stm32f4xx_hal_msp.o
 .debug_macro   0x000000000000df9a      0x2c5 Src/stm32f4xx_it.o
 .debug_macro   0x000000000000e25f      0x2eb Src/timer.o
 .debug_macro   0x000000000000e54a       0x3b Src/timer.o
 .debug_macro   0x000000000000e585      0x14f src-gen/Ampel.o
 .debug_macro   0x000000000000e6d4       0x16 src-gen/Ampel.o
 .debug_macro   0x000000000000e6ea      0x10e src-gen/Ampel.o
 .debug_macro   0x000000000000e7f8       0x8d src-gen/Ampel.o
 .debug_macro   0x000000000000e885       0x4a src-gen/Ampel.o
 .debug_macro   0x000000000000e8cf       0x16 src-gen/Ampel.o
 .debug_macro   0x000000000000e8e5       0x29 src-gen/Ampel.o
 .debug_macro   0x000000000000e90e       0x16 src-gen/Ampel.o
 .debug_macro   0x000000000000e924       0x35 src-gen/Ampel.o
 .debug_macro   0x000000000000e959       0x10 src-gen/Ampel.o

.debug_str      0x0000000000000000    0x5176b
 .debug_str     0x0000000000000000    0x4f1bb Drivers/CMSIS/Device/ST/STM32F4xx/Source/Templates/system_stm32f4xx.o
                                      0x4f46c (size before relaxing)
 .debug_str     0x000000000004f1bb      0x890 Drivers/STM32F4xx_HAL_Driver/Src/stm32f4xx_hal.o
                                      0x4fcd6 (size before relaxing)
 .debug_str     0x000000000004fa4b      0x33b Drivers/STM32F4xx_HAL_Driver/Src/stm32f4xx_hal_cortex.o
                                      0x4fb2f (size before relaxing)
 .debug_str     0x000000000004fd86      0x2f2 Drivers/STM32F4xx_HAL_Driver/Src/stm32f4xx_hal_gpio.o
                                      0x4f6c3 (size before relaxing)
 .debug_str     0x0000000000050078      0x37d Drivers/STM32F4xx_HAL_Driver/Src/stm32f4xx_hal_rcc.o
                                      0x4f852 (size before relaxing)
 .debug_str     0x00000000000503f5      0x55a Src/main.o
                                      0x4ff1d (size before relaxing)
 .debug_str     0x000000000005094f       0x27 Src/stm32f4xx_hal_msp.o
                                      0x4f642 (size before relaxing)
 .debug_str     0x0000000000050976       0x6f Src/stm32f4xx_it.o
                                      0x4f349 (size before relaxing)
 .debug_str     0x00000000000509e5       0xcb Src/timer.o
                                      0x4f72f (size before relaxing)
 .debug_str     0x0000000000050ab0      0xcbb src-gen/Ampel.o
                                       0x6d73 (size before relaxing)

.comment        0x0000000000000000       0x6e
 .comment       0x0000000000000000       0x6e Drivers/CMSIS/Device/ST/STM32F4xx/Source/Templates/system_stm32f4xx.o
                                         0x6f (size before relaxing)
 .comment       0x000000000000006e       0x6f Drivers/STM32F4xx_HAL_Driver/Src/stm32f4xx_hal.o
 .comment       0x000000000000006e       0x6f Drivers/STM32F4xx_HAL_Driver/Src/stm32f4xx_hal_cortex.o
 .comment       0x000000000000006e       0x6f Drivers/STM32F4xx_HAL_Driver/Src/stm32f4xx_hal_gpio.o
 .comment       0x000000000000006e       0x6f Drivers/STM32F4xx_HAL_Driver/Src/stm32f4xx_hal_rcc.o
 .comment       0x000000000000006e       0x6f Src/main.o
 .comment       0x000000000000006e       0x6f Src/stm32f4xx_hal_msp.o
 .comment       0x000000000000006e       0x6f Src/stm32f4xx_it.o
 .comment       0x000000000000006e       0x6f Src/timer.o
 .comment       0x000000000000006e       0x6f src-gen/Ampel.o

.debug_frame    0x0000000000000000      0x834
 .debug_frame   0x0000000000000000       0x30 Drivers/CMSIS/Device/ST/STM32F4xx/Source/Templates/system_stm32f4xx.o
 .debug_frame   0x0000000000000030      0x184 Drivers/STM32F4xx_HAL_Driver/Src/stm32f4xx_hal.o
 .debug_frame   0x00000000000001b4      0x130 Drivers/STM32F4xx_HAL_Driver/Src/stm32f4xx_hal_cortex.o
 .debug_frame   0x00000000000002e4       0xd4 Drivers/STM32F4xx_HAL_Driver/Src/stm32f4xx_hal_gpio.o
 .debug_frame   0x00000000000003b8      0x138 Drivers/STM32F4xx_HAL_Driver/Src/stm32f4xx_hal_rcc.o
 .debug_frame   0x00000000000004f0       0xec Src/main.o
 .debug_frame   0x00000000000005dc       0x2c Src/stm32f4xx_hal_msp.o
 .debug_frame   0x0000000000000608       0x68 Src/stm32f4xx_it.o
 .debug_frame   0x0000000000000670       0x54 Src/timer.o
 .debug_frame   0x00000000000006c4      0x144 src-gen/Ampel.o
 .debug_frame   0x0000000000000808       0x2c /Applications/Ac6/SystemWorkbench.app/Contents/Eclipse/plugins/fr.ac6.mcu.externaltools.arm-none.macos64_1.6.0.201601291255/tools/compiler/bin/../lib/gcc/arm-none-eabi/5.2.1/../../../../arm-none-eabi/lib/armv7e-m/fpu/libc_nano.a(lib_a-init.o)
